Microchip MPLAB XC8 Compiler V1.33 ()

Linker command line:

-W-3 --edf=C:\Program Files (x86)\Microchip\xc8\v1.33\dat\en_msgs.txt -cs \
  -h+dist/default/production\PIC18F45K22.X.production.sym \
  --cmf=dist/default/production\PIC18F45K22.X.production.cmf -z -Q18F45K22 \
  -oC:\Users\KINGDI~1\AppData\Local\Temp\s37o.6 \
  -Mdist/default/production/PIC18F45K22.X.production.map -E1 -ver=XC8 \
  -ASTACK=01C0h-05ffh -pstack=STACK -ACODE=00h-07FFFh -ACONST=00h-07FFFh \
  -ASMALLCONST=0600h-06FFhx122 -AMEDIUMCONST=0600h-07FFFh -ACOMRAM=01h-05Fh \
  -AABS1=00h-05FFh -ABIGRAM=01h-05FFh -ARAM=060h-0FFh,0100h-01FFhx5 \
  -ABANK0=060h-0FFh -ABANK1=0100h-01FFh -ABANK2=0200h-02FFh \
  -ABANK3=0300h-03FFh -ABANK4=0400h-04FFh -ABANK5=0500h-05FFh \
  -ASFR=0F38h-0F5Fh,0F60h-0FFFh \
  -preset_vec=00h,intcode=08h,intcodelo,powerup,init,end_init \
  -pramtop=0600h -psmallconst=SMALLCONST -pmediumconst=MEDIUMCONST \
  -pconst=CONST -AFARRAM=00h-00h -ACONFIG=0300000h-030000Dh -pconfig=CONFIG \
  -AIDLOC=0200000h-0200007h -pidloc=IDLOC -AEEDATA=0F00000h-0F000FFh \
  -peeprom_data=EEDATA \
  -prdata=COMRAM,nvrram=COMRAM,nvbit=COMRAM,rbss=COMRAM,rbit=COMRAM \
  -pfarbss=FARRAM,fardata=FARRAM,nvFARRAM=FARRAM \
  -pintsave_regs=BIGRAM,bigbss=BIGRAM,bigdata=BIGRAM -pbss=RAM \
  -pidata=CODE,irdata=CODE,ibigdata=CODE,ifardata=CODE \
  C:\Users\KINGDI~1\AppData\Local\Temp\s37o.obj \
  dist/default/production\PIC18F45K22.X.production.obj 

Object code version is 3.11

Machine type is 18F45K22

Call graph: (short form)




                Name                               Link     Load   Length Selector   Space Scale
C:\Users\KINGDI~1\AppData\Local\Temp\s37o.obj
                end_init                            294      294        4        4       0
                reset_vec                             0        0        4        0       0
                idloc                            200000   200000        8   200000       0
                config                           300000   300000        E   300000       0
dist/default/production\PIC18F45K22.X.production.obj
                intcode                               8        8      28C        4       0
                smallconst                          600      600        E      300       0
                text29                             15C6     15C6        2      307       0
                text28                             15B2     15B2        8      307       0
                text27                             15C4     15C4        2      307       0
                text26                             15AA     15AA        8      307       0
                text25                             15C2     15C2        2      307       0
                text24                             15A2     15A2        8      307       0
                text22                             113A     113A       9A      307       0
                text21                             15C0     15C0        2      307       0
                text20                             109E     109E       9C      307       0
                text19                             1524     1524       22      307       0
                text18                              60E      60E      54E      307       0
                text17                             11D4     11D4       90      307       0
                text16                             14CE     14CE       2C      307       0
                text15                             14FA     14FA       2A      307       0
                text14                             1564     1564       1A      307       0
                text13                             135E     135E       54      307       0
                text12                             1470     1470       30      307       0
                text11                              B5C      B5C      27E      307       0
                text10                             1264     1264       88      307       0
                text9                               F5C      F5C      142      307       0
                text8                               DDA      DDA      182      307       0
                text7                              1400     1400       3C      307       0
                text6                              12EC     12EC       72      307       0
                text5                              143C     143C       34      307       0
                text4                              1546     1546       1E      307       0
                text3                              14A0     14A0       2E      307       0
                text2                              1596     1596        C      307       0
                text1                              15BE     15BE        2      307       0
                text0                              157E     157E       18      307       0
                cstackCOMRAM                         2F       2F       1C        1       1
                cstackBANK0                          CF       CF       13       60       1
                bssBANK1                            100      100       C0      100       1
                bssBANK0                             60       60       6F       60       1
                dataCOMRAM                           4B       4B        4        1       1
                bssCOMRAM                             1        1       2E        1       1
                cinit                              13B2     13B2       4E      307       0
                idataCOMRAM                        15BA     15BA        4      307       0

TOTAL           Name                               Link     Load   Length     Space
        CLASS   STACK          

        CLASS   CODE           
                end_init                            294      294        4         0
                intcode                               8        8      28C         0
                reset_vec                             0        0        4         0
                text29                             15C6     15C6        2         0
                text28                             15B2     15B2        8         0
                text27                             15C4     15C4        2         0
                text26                             15AA     15AA        8         0
                text25                             15C2     15C2        2         0
                text24                             15A2     15A2        8         0
                text22                             113A     113A       9A         0
                text21                             15C0     15C0        2         0
                text20                             109E     109E       9C         0
                text19                             1524     1524       22         0
                text18                              60E      60E      54E         0
                text17                             11D4     11D4       90         0
                text16                             14CE     14CE       2C         0
                text15                             14FA     14FA       2A         0
                text14                             1564     1564       1A         0
                text13                             135E     135E       54         0
                text12                             1470     1470       30         0
                text11                              B5C      B5C      27E         0
                text10                             1264     1264       88         0
                text9                               F5C      F5C      142         0
                text8                               DDA      DDA      182         0
                text7                              1400     1400       3C         0
                text6                              12EC     12EC       72         0
                text5                              143C     143C       34         0
                text4                              1546     1546       1E         0
                text3                              14A0     14A0       2E         0
                text2                              1596     1596        C         0
                text1                              15BE     15BE        2         0
                text0                              157E     157E       18         0
                cinit                              13B2     13B2       4E         0
                idataCOMRAM                        15BA     15BA        4         0

        CLASS   CONST          

        CLASS   SMALLCONST     
                smallconst                          600      600        E         0

        CLASS   MEDIUMCONST    

        CLASS   COMRAM         
                cstackCOMRAM                         2F       2F       1C         1
                dataCOMRAM                           4B       4B        4         1
                bssCOMRAM                             1        1       2E         1

        CLASS   ABS1           

        CLASS   BIGRAM         

        CLASS   RAM            

        CLASS   BANK0          
                cstackBANK0                          CF       CF       13         1
                bssBANK0                             60       60       6F         1

        CLASS   BANK1          
                bssBANK1                            100      100       C0         1

        CLASS   BANK2          

        CLASS   BANK3          

        CLASS   BANK4          

        CLASS   BANK5          

        CLASS   SFR            

        CLASS   FARRAM         

        CLASS   CONFIG         
                config                           300000   300000        E         0

        CLASS   IDLOC          
                idloc                            200000   200000        8         0

        CLASS   EEDATA         



SEGMENTS        Name                           Load    Length   Top    Selector   Space  Class

                reset_vec                      000000  000004  000004         0       0  CODE    
                bssCOMRAM                      000001  00004E  00004F         1       1  COMRAM  
                intcode                        000008  000290  000298         4       0  CODE    
                bssBANK0                       000060  000082  0000E2        60       1  BANK0   
                bssBANK1                       000100  0000C0  0001C0       100       1  BANK1   
                smallconst                     000600  00000E  00060E       300       0  SMALLCON
                text18                         00060E  000FBA  0015C8       307       0  CODE    
                idloc                          200000  000008  200008    200000       0  IDLOC   
                config                         300000  00000E  30000E    300000       0  CONFIG  


UNUSED ADDRESS RANGES

        Name                Unused          Largest block    Delta
        BANK0            0000E2-0000FF               1E
        BANK1            0001C0-0001FF               40
        BANK2            000200-0002FF              100
        BANK3            000300-0003FF              100
        BANK4            000400-0004FF              100
        BANK5            000500-0005FF              100
        BIGRAM           00004F-00005F               11
                         0000E2-0000FF               1E
                         0001C0-0005FF              440
        CODE             000004-000007                4
                         000298-0005FF              368
                         0015C8-007FFF             6A38
        COMRAM           00004F-00005F               11
        CONST            000004-000007                4
                         000298-0005FF              368
                         0015C8-007FFF             6A38
        EEDATA           F00000-F000FF              100
        MEDIUMCONST      0015C8-007FFF             6A38
        RAM              0000E2-0000FF               1E
                         0001C0-0005FF              100
        SFR              000F38-000FFF               28
        SMALLCONST       0015C8-007FFF              100
        STACK            0001C0-0005FF              440

                                  Symbol Table

?___lldiv                      cstackCOMRAM 000040
InterruptHandlerHigh@dd        cstackCOMRAM 00003D
InterruptHandlerHigh@i         cstackCOMRAM 00003F
_ADCON0                        (abs)        000FC2
_ADCON0bits                    (abs)        000FC2
_ADCON1                        (abs)        000FC1
_ADCON2                        (abs)        000FC0
_ADRESH                        (abs)        000FC4
_ADRESL                        (abs)        000FC3
_ANSELA                        (abs)        000F38
_ANSELB                        (abs)        000F39
_ANSELC                        (abs)        000F3A
_ANSELD                        (abs)        000F3B
_ANSELE                        (abs)        000F3C
_BAUDCON1bits                  (abs)        000FB8
_BAUDCON2bits                  (abs)        000F70
_CCP1CON                       (abs)        000FBD
_CCP2CON                       (abs)        000F66
_CCP3CON                       (abs)        000F5D
_CCP4CON                       (abs)        000F57
_CCPR1H                        (abs)        000FBF
_CCPR1L                        (abs)        000FBE
_CCPR2H                        (abs)        000F68
_CCPR2L                        (abs)        000F67
_CCPR3H                        (abs)        000F5F
_CCPR3L                        (abs)        000F5E
_CCPR4H                        (abs)        000F59
_CCPR4L                        (abs)        000F58
_CCPTMRS0bits                  (abs)        000F49
_CCPTMRS1bits                  (abs)        000F48
_ECCP1AS                       (abs)        000FB6
_ECCP2AS                       (abs)        000F64
_ECCP3AS                       (abs)        000F5B
_EEADR                         (abs)        000FA9
_EECON1bits                    (abs)        000FA6
_EECON2                        (abs)        000FA7
_EEDATA                        (abs)        000FA8
_Flags                         bssCOMRAM    000001
_HMSec                         dataCOMRAM   00004B
_INT0_CallBack                 text29       0015C6
_INT0_ISR                      text28       0015B2
_INT0_InterruptHandler         bssBANK0     0000BA
_INT1_CallBack                 text27       0015C4
_INT1_ISR                      text26       0015AA
_INT1_InterruptHandler         bssBANK0     0000BC
_INT2_CallBack                 text25       0015C2
_INT2_ISR                      text24       0015A2
_INT2_InterruptHandler         bssBANK0     0000BE
_INTCON2bits                   (abs)        000FF1
_INTCON3bits                   (abs)        000FF0
_INTCONbits                    (abs)        000FF2
_InterruptHandlerHigh          intcode      000008
_LATA                          (abs)        000F89
_LATAbits                      (abs)        000F89
_LATB                          (abs)        000F8A
_LATBbits                      (abs)        000F8A
_LATC                          (abs)        000F8B
_LATCbits                      (abs)        000F8B
_LATD                          (abs)        000F8C
_LATDbits                      (abs)        000F8C
_LATE                          (abs)        000F8D
_LATEbits                      (abs)        000F8D
_OSCCON                        (abs)        000FD3
_OSCCON2                       (abs)        000FD2
_OSCTUNE                       (abs)        000F9B
_OneSec                        dataCOMRAM   00004C
_PEIE                          (abs)        007F96
_PIE3bits                      (abs)        000FA3
_PIR1bits                      (abs)        000F9E
_PLLRDY                        (abs)        007E97
_PORTAbits                     (abs)        000F80
_PORTBbits                     (abs)        000F81
_PORTCbits                     (abs)        000F82
_PORTDbits                     (abs)        000F83
_PORTEbits                     (abs)        000F84
_PR2                           (abs)        000FBB
_PSTR1CON                      (abs)        000FB9
_PSTR2CON                      (abs)        000F63
_PSTR3CON                      (abs)        000F5A
_PWM1CON                       (abs)        000FB7
_PWM2CON                       (abs)        000F65
_PWM3CON                       (abs)        000F5C
_RC2IE                         (abs)        007D1D
_RC2IF                         (abs)        007D25
_RC2IP                         (abs)        007D2D
_RCIE                          (abs)        007CED
_RCIF                          (abs)        007CF5
_RCIP                          (abs)        007CFD
_RCONbits                      (abs)        000FD0
_RCREG1                        (abs)        000FAE
_RCREG2                        (abs)        000F74
_RCSTA                         (abs)        000FAB
_RCSTA2                        (abs)        000F71
_RCSTA2bits                    (abs)        000F71
_SPBRG1                        (abs)        000FAF
_SPBRG2                        (abs)        000F75
_SPBRGH                        (abs)        000FB0
_SPBRGH2                       (abs)        000F76
_SSP1BUF                       (abs)        000FC9
_SSPADD                        (abs)        000FC8
_SSPCON1bits                   (abs)        000FC6
_SSPCON2                       (abs)        000FC5
_SSPCON2bits                   (abs)        000FC5
_SSPSTATbits                   (abs)        000FC7
_T0CON                         (abs)        000FD5
_T1CON                         (abs)        000FCD
_T1CONbits                     (abs)        000FCD
_T1GCON                        (abs)        000FCC
_T2CON                         (abs)        000FBA
_T2CONbits                     (abs)        000FBA
_TMR0H                         (abs)        000FD7
_TMR0IE                        (abs)        007F95
_TMR0IF                        (abs)        007F92
_TMR0IP                        (abs)        007F8A
_TMR0L                         (abs)        000FD6
_TMR1H                         (abs)        000FCF
_TMR1L                         (abs)        000FCE
_TMR2                          (abs)        000FBC
_TRISAbits                     (abs)        000F92
_TRISBbits                     (abs)        000F93
_TRISCbits                     (abs)        000F94
_TRISDbits                     (abs)        000F95
_TRISEbits                     (abs)        000F96
_TX2IE                         (abs)        007D1C
_TX2IF                         (abs)        007D24
_TX2IP                         (abs)        007D2C
_TXIE                          (abs)        007CEC
_TXIF                          (abs)        007CF4
_TXIP                          (abs)        007CFC
_TXREG                         (abs)        000FAD
_TXREG2                        (abs)        000F73
_TXSTA                         (abs)        000FAC
_TXSTA2                        (abs)        000F72
_Task1                         bssCOMRAM    000002
_Task2                         bssBANK0     0000C0
_Task3                         bssBANK0     0000C1
_Task4                         bssBANK0     0000C2
_Task5                         bssBANK0     0000C3
_Task6                         bssBANK0     0000C4
_Task7                         bssBANK0     0000C5
_Task8                         bssBANK0     0000C6
_TimerArray                    bssBANK0     0000A2
_TimerFlag                     bssCOMRAM    000003
_TmrRxd1                       bssCOMRAM    000004
_TmrRxd2                       bssCOMRAM    000005
_TmrSec                        dataCOMRAM   00004D
_VREFCON0                      (abs)        000F42
__Addr                         bssCOMRAM    000006
__HRAM                         (abs)        000000
__Habs1                        abs1         000000
__Hbank0                       bank0        000000
__Hbank1                       bank1        000000
__Hbank2                       bank2        000000
__Hbank3                       bank3        000000
__Hbank4                       bank4        000000
__Hbank5                       bank5        000000
__Hbigbss                      bigbss       000000
__Hbigdata                     bigdata      000000
__Hbigram                      bigram       000000
__Hbss                         bss          000000
__HbssBANK0                    bssBANK0     000000
__HbssBANK1                    bssBANK1     000000
__HbssCOMRAM                   bssCOMRAM    000000
__Hcinit                       cinit        000000
__Hclrtext                     clrtext      000000
__Hcomram                      comram       000000
__Hconfig                      config       30000E
__Hconst                       const        000000
__HcstackBANK0                 cstackBANK0  000000
__HcstackCOMRAM                cstackCOMRAM 000000
__Hdata                        data         000000
__HdataCOMRAM                  dataCOMRAM   000000
__Heeprom_data                 eeprom_data  000000
__Hend_init                    end_init     000298
__Hfarbss                      farbss       000000
__Hfardata                     fardata      000000
__Hibigdata                    ibigdata     000000
__Hidata                       idata        000000
__HidataCOMRAM                 idataCOMRAM  000000
__Hidloc                       idloc        200008
__Hifardata                    ifardata     000000
__Hinit                        init         000294
__Hintcode                     intcode      000294
__Hintcode_body                intcode_body 000000
__Hintcodelo                   intcodelo    000294
__Hintentry                    intentry     000000
__Hintret                      intret       000000
__Hintsave_regs                intsave_regs 000000
__Hirdata                      irdata       000000
__Hmediumconst                 mediumconst  000000
__HnvFARRAM                    nvFARRAM     000000
__Hnvbit                       nvbit        000000
__Hnvrram                      nvrram       000000
__Hparam                       rparam       000000
__Hpowerup                     powerup      000294
__Hram                         ram          000000
__Hramtop                      ramtop       000600
__Hrbit                        rbit         000000
__Hrbss                        rbss         000000
__Hrdata                       rdata        000000
__Hreset_vec                   reset_vec    000004
__Hrparam                      rparam       000000
__Hsfr                         sfr          000000
__Hsmallconst                  smallconst   00060E
__Hspace_0                     (abs)        30000E
__Hspace_1                     (abs)        0001C0
__Hspace_2                     (abs)        000000
__Hstack                       stack        000000
__Hstruct                      struct       000000
__Htemp                        temp         000000
__Htext                        text         000000
__Htext0                       text0        000000
__Htext1                       text1        000000
__Htext10                      text10       000000
__Htext11                      text11       000000
__Htext12                      text12       000000
__Htext13                      text13       000000
__Htext14                      text14       000000
__Htext15                      text15       000000
__Htext16                      text16       000000
__Htext17                      text17       000000
__Htext18                      text18       000000
__Htext19                      text19       000000
__Htext2                       text2        000000
__Htext20                      text20       000000
__Htext21                      text21       000000
__Htext22                      text22       000000
__Htext24                      text24       000000
__Htext25                      text25       000000
__Htext26                      text26       000000
__Htext27                      text27       000000
__Htext28                      text28       000000
__Htext29                      text29       000000
__Htext3                       text3        000000
__Htext4                       text4        000000
__Htext5                       text5        000000
__Htext6                       text6        000000
__Htext7                       text7        000000
__Htext8                       text8        000000
__Htext9                       text9        000000
__LRAM                         (abs)        000001
__Labs1                        abs1         000000
__Lbank0                       bank0        000000
__Lbank1                       bank1        000000
__Lbank2                       bank2        000000
__Lbank3                       bank3        000000
__Lbank4                       bank4        000000
__Lbank5                       bank5        000000
__Lbigbss                      bigbss       000000
__Lbigdata                     bigdata      000000
__Lbigram                      bigram       000000
__Lbss                         bss          000000
__LbssBANK0                    bssBANK0     000000
__LbssBANK1                    bssBANK1     000000
__LbssCOMRAM                   bssCOMRAM    000000
__Lcinit                       cinit        000000
__Lclrtext                     clrtext      000000
__Lcomram                      comram       000000
__Lconfig                      config       300000
__Lconst                       const        000000
__LcstackBANK0                 cstackBANK0  000000
__LcstackCOMRAM                cstackCOMRAM 000000
__Ldata                        data         000000
__LdataCOMRAM                  dataCOMRAM   000000
__Leeprom_data                 eeprom_data  000000
__Lend_init                    end_init     000294
__Lfarbss                      farbss       000000
__Lfardata                     fardata      000000
__Libigdata                    ibigdata     000000
__Lidata                       idata        000000
__LidataCOMRAM                 idataCOMRAM  000000
__Lidloc                       idloc        200000
__Lifardata                    ifardata     000000
__Linit                        init         000294
__Lintcode                     intcode      000008
__Lintcode_body                intcode_body 000000
__Lintcodelo                   intcodelo    000294
__Lintentry                    intentry     000000
__Lintret                      intret       000000
__Lintsave_regs                intsave_regs 000000
__Lirdata                      irdata       000000
__Lmediumconst                 mediumconst  000000
__LnvFARRAM                    nvFARRAM     000000
__Lnvbit                       nvbit        000000
__Lnvrram                      nvrram       000000
__Lparam                       rparam       000000
__Lpowerup                     powerup      000294
__Lram                         ram          000000
__Lramtop                      ramtop       000600
__Lrbit                        rbit         000000
__Lrbss                        rbss         000000
__Lrdata                       rdata        000000
__Lreset_vec                   reset_vec    000000
__Lrparam                      rparam       000000
__Lsfr                         sfr          000000
__Lsmallconst                  smallconst   000600
__Lspace_0                     (abs)        000000
__Lspace_1                     (abs)        000000
__Lspace_2                     (abs)        000000
__Lstack                       stack        000000
__Lstruct                      struct       000000
__Ltemp                        temp         000000
__Ltext                        text         000000
__Ltext0                       text0        000000
__Ltext1                       text1        000000
__Ltext10                      text10       000000
__Ltext11                      text11       000000
__Ltext12                      text12       000000
__Ltext13                      text13       000000
__Ltext14                      text14       000000
__Ltext15                      text15       000000
__Ltext16                      text16       000000
__Ltext17                      text17       000000
__Ltext18                      text18       000000
__Ltext19                      text19       000000
__Ltext2                       text2        000000
__Ltext20                      text20       000000
__Ltext21                      text21       000000
__Ltext22                      text22       000000
__Ltext24                      text24       000000
__Ltext25                      text25       000000
__Ltext26                      text26       000000
__Ltext27                      text27       000000
__Ltext28                      text28       000000
__Ltext29                      text29       000000
__Ltext3                       text3        000000
__Ltext4                       text4        000000
__Ltext5                       text5        000000
__Ltext6                       text6        000000
__Ltext7                       text7        000000
__Ltext8                       text8        000000
__Ltext9                       text9        000000
__S0                           (abs)        30000E
__S1                           (abs)        0001C0
__S2                           (abs)        000000
___inthi_sp                    stack        000000
___intlo_sp                    stack        000000
___lldiv                       text20       00109E
___lldiv@counter               cstackBANK0  0000D3
___lldiv@dividend              cstackCOMRAM 000040
___lldiv@divisor               cstackCOMRAM 000044
___lldiv@quotient              cstackBANK0  0000CF
___sp                          stack        000000
__accesstop                    (abs)        000060
__activetblptr                 (abs)        000002
__cols                         bssBANK0     0000C7
__end_of_INT0_CallBack         text29       0015C8
__end_of_INT0_ISR              text28       0015BA
__end_of_INT1_CallBack         text27       0015C6
__end_of_INT1_ISR              text26       0015B2
__end_of_INT2_CallBack         text25       0015C4
__end_of_INT2_ISR              text24       0015AA
__end_of_InterruptHandlerHigh  intcode      000294
__end_of___lldiv               text20       00113A
__end_of__initialization       cinit        0013F6
__end_of__stringdata           smallconst   00060D
__end_of_analogInput           text19       001546
__end_of_delay                 text16       0014FA
__end_of_digitalWrite          text11       000DDA
__end_of_e_pulse               text12       0014A0
__end_of_i2c_idle              text14       00157E
__end_of_i2c_init              text17       001264
__end_of_i2c_out               text13       0013B2
__end_of_init                  text22       0011D4
__end_of_lcdDelay              text15       001524
__end_of_lcd_begin             text8        000F5C
__end_of_lcd_init_i2c          text7        00143C
__end_of_lcd_nibble            text10       0012EC
__end_of_lcd_print             text5        001470
__end_of_lcd_putc              text6        00135E
__end_of_lcd_putdata           text9        00109E
__end_of_lcd_setCursor         text4        001564
__end_of_loop                  text21       0015C2
__end_of_main                  text0        001596
__end_of_pinMode               text18       000B5C
__end_of_setup                 text3        0014CE
__end_of_sync                  text2        0015A2
__end_of_task                  text1        0015C0
__initialization               cinit        0013B2
__mediumconst                  mediumconst  000000
__pbssBANK0                    bssBANK0     000060
__pbssBANK1                    bssBANK1     000100
__pbssCOMRAM                   bssCOMRAM    000001
__pcinit                       cinit        0013B2
__pcstackBANK0                 cstackBANK0  0000CF
__pcstackCOMRAM                cstackCOMRAM 00002F
__pdataCOMRAM                  dataCOMRAM   00004B
__pidataCOMRAM                 idataCOMRAM  0015BA
__pintcode                     intcode      000008
__psmallconst                  smallconst   000600
__ptext0                       text0        00157E
__ptext1                       text1        0015BE
__ptext10                      text10       001264
__ptext11                      text11       000B5C
__ptext12                      text12       001470
__ptext13                      text13       00135E
__ptext14                      text14       001564
__ptext15                      text15       0014FA
__ptext16                      text16       0014CE
__ptext17                      text17       0011D4
__ptext18                      text18       00060E
__ptext19                      text19       001524
__ptext2                       text2        001596
__ptext20                      text20       00109E
__ptext21                      text21       0015C0
__ptext22                      text22       00113A
__ptext24                      text24       0015A2
__ptext25                      text25       0015C2
__ptext26                      text26       0015AA
__ptext27                      text27       0015C4
__ptext28                      text28       0015B2
__ptext29                      text29       0015C6
__ptext3                       text3        0014A0
__ptext4                       text4        001546
__ptext5                       text5        00143C
__ptext6                       text6        0012EC
__ptext7                       text7        001400
__ptext8                       text8        000DDA
__ptext9                       text9        000F5C
__ramtop                       ramtop       000600
__rows                         bssBANK0     0000C8
__size_of_INT0_CallBack        (abs)        000000
__size_of_INT0_ISR             (abs)        000000
__size_of_INT1_CallBack        (abs)        000000
__size_of_INT1_ISR             (abs)        000000
__size_of_INT2_CallBack        (abs)        000000
__size_of_INT2_ISR             (abs)        000000
__size_of_InterruptHandlerHigh (abs)        000000
__size_of___lldiv              (abs)        000000
__size_of_analogInput          (abs)        000000
__size_of_delay                (abs)        000000
__size_of_digitalWrite         (abs)        000000
__size_of_e_pulse              (abs)        000000
__size_of_i2c_idle             (abs)        000000
__size_of_i2c_init             (abs)        000000
__size_of_i2c_out              (abs)        000000
__size_of_init                 (abs)        000000
__size_of_lcdDelay             (abs)        000000
__size_of_lcd_begin            (abs)        000000
__size_of_lcd_init_i2c         (abs)        000000
__size_of_lcd_nibble           (abs)        000000
__size_of_lcd_print            (abs)        000000
__size_of_lcd_putc             (abs)        000000
__size_of_lcd_putdata          (abs)        000000
__size_of_lcd_setCursor        (abs)        000000
__size_of_loop                 (abs)        000000
__size_of_main                 (abs)        000000
__size_of_pinMode              (abs)        000000
__size_of_setup                (abs)        000000
__size_of_sync                 (abs)        000000
__size_of_task                 (abs)        000000
__smallconst                   smallconst   000600
__stringdata                   smallconst   000601
_analogInput                   text19       001524
_delay                         text16       0014CE
_digitalWrite                  text11       000B5C
_e_pulse                       text12       001470
_i2c_error_flag                bssBANK0     0000C9
_i2c_idle                      text14       001564
_i2c_init                      text17       0011D4
_i2c_out                       text13       00135E
_init                          text22       00113A
_keypad_col1                   bssCOMRAM    000007
_keypad_col2                   bssCOMRAM    000008
_keypad_col3                   bssCOMRAM    000009
_keypad_col4                   bssCOMRAM    00000A
_keypad_mode                   bssCOMRAM    00000B
_keypad_row1                   bssCOMRAM    00000C
_keypad_row2                   bssCOMRAM    00000D
_keypad_row3                   bssCOMRAM    00000E
_keypad_row4                   bssCOMRAM    00000F
_kstate                        bssCOMRAM    000010
_lcdDelay                      text15       0014FA
_lcd_begin                     text8        000DDA
_lcd_cols                      bssBANK0     0000CA
_lcd_d0                        bssCOMRAM    000011
_lcd_d1                        bssCOMRAM    000012
_lcd_d2                        bssCOMRAM    000013
_lcd_d3                        bssCOMRAM    000014
_lcd_d4                        bssCOMRAM    000015
_lcd_d5                        bssCOMRAM    000016
_lcd_d6                        bssCOMRAM    000017
_lcd_d7                        bssCOMRAM    000018
_lcd_disp                      dataCOMRAM   00004E
_lcd_en                        bssCOMRAM    000019
_lcd_init_i2c                  text7        001400
_lcd_mode                      bssCOMRAM    00001A
_lcd_nibble                    text10       001264
_lcd_print                     text5        00143C
_lcd_putc                      text6        0012EC
_lcd_putdata                   text9        000F5C
_lcd_rows                      bssBANK0     0000CB
_lcd_rs                        bssCOMRAM    00001B
_lcd_setCursor                 text4        001546
_lcd_temp                      bssBANK0     0000CC
_loop                          text21       0015C0
_main                          text0        00157E
_pinMode                       text18       00060E
_setup                         text3        0014A0
_spi_mode                      bssCOMRAM    00001C
_sync                          text2        001596
_sysTick                       bssBANK0     0000B6
_task                          text1        0015BE
_uart1_cr_cnt                  bssCOMRAM    00001D
_uart1_lf_cnt                  bssCOMRAM    00001E
_uart1_rx_char                 bssCOMRAM    00001F
_uart1_rx_cnt                  bssCOMRAM    000020
_uart1_rx_pos                  bssCOMRAM    000021
_uart1_rx_ready                bssCOMRAM    000022
_uart1_rxbuf                   bssBANK1     000100
_uart1_tx_cnt                  bssCOMRAM    000023
_uart1_tx_pos                  bssCOMRAM    000024
_uart1_txbuf                   bssBANK0     000060
_uart2_cr_cnt                  bssCOMRAM    000025
_uart2_lf_cnt                  bssCOMRAM    000026
_uart2_rx_char                 bssCOMRAM    000027
_uart2_rx_cnt                  bssCOMRAM    000028
_uart2_rx_pos                  bssCOMRAM    000029
_uart2_rx_ready                bssCOMRAM    00002A
_uart2_rxbuf                   bssBANK1     000160
_uart2_tx_cnt                  bssCOMRAM    00002B
_uart2_tx_pos                  bssCOMRAM    00002C
_uart2_txbuf                   bssBANK0     000081
analogInput@ANx                cstackCOMRAM 000042
analogInput@d                  cstackCOMRAM 000043
delay@i                        cstackCOMRAM 000042
delay@ms                       cstackCOMRAM 000040
digitalWrite@pin               cstackCOMRAM 000041
digitalWrite@value             cstackCOMRAM 000040
e_pulse@dd                     cstackCOMRAM 000044
e_pulse@k                      cstackCOMRAM 000043
end_of_initialization          cinit        0013F6
i2c_init@c                     cstackBANK0  0000D4
i2c_out@data                   cstackCOMRAM 000041
i2c_out@slave_address          cstackCOMRAM 000042
init@i                         cstackCOMRAM 000040
intlevel0                      text         000000
intlevel1                      text         000000
intlevel2                      text         000000
intlevel3                      text         000000
keypadRead@keyNew              bssCOMRAM    00002D
keypadRead@keyOld              bssCOMRAM    00002E
lcdDelay@i                     cstackCOMRAM 000042
lcdDelay@ms                    cstackCOMRAM 000040
lcd_begin@d                    cstackCOMRAM 000049
lcd_begin@lcd_cols             cstackCOMRAM 000048
lcd_begin@lcd_rows             cstackCOMRAM 000047
lcd_init_i2c@lcd_Addr          cstackCOMRAM 00004A
lcd_init_i2c@lcd_cols          cstackBANK0  0000E0
lcd_init_i2c@lcd_rows          cstackBANK0  0000E1
lcd_nibble@nd                  cstackCOMRAM 000042
lcd_print@str                  cstackBANK0  0000CF
lcd_putc@d                     cstackCOMRAM 000048
lcd_putc@dd                    cstackCOMRAM 000049
lcd_putc@i                     cstackCOMRAM 000047
lcd_putdata@d                  cstackCOMRAM 000046
lcd_putdata@dd                 cstackCOMRAM 000045
lcd_setCursor@col              cstackCOMRAM 000048
lcd_setCursor@row              cstackCOMRAM 000047
pinMode@mode                   cstackCOMRAM 000044
pinMode@pin                    cstackCOMRAM 000045
stackhi                        (abs)        0005FF
stacklo                        (abs)        0001C0
start                          init         000294
start_initialization           cinit        0013B2


FUNCTION INFORMATION:

 *************** function _main *****************
 Defined at:
		line 447 in file "../../picuno/picuno.c"
 Parameters:    Size  Location     Type
		None
 Auto vars:     Size  Location     Type
		None
 Return value:  Size  Location     Type
		None               void
 Registers used:
		wreg, fsr2l, fsr2h, status,2, status,0, tblptrl, tblptrh, tblptru, prodl, prodh, cstack
 Tracked objects:
		On entry : 
		On exit  : 
		Unchanged: 
 Data sizes:     COMRAM   BANK0   BANK1   BANK2   BANK3   BANK4   BANK5
      Params:         0       0       0       0       0       0       0
      Locals:         0       0       0       0       0       0       0
      Temps:          0       0       0       0       0       0       0
      Totals:         0       0       0       0       0       0       0
Total ram usage:        0 bytes
 Hardware stack levels required when called:   10
 This function calls:
		_init
		_loop
		_setup
		_sync
		_task
 This function is called by:
		Startup code after reset
 This function uses a non-reentrant model


 *************** function _task *****************
 Defined at:
		line 419 in file "../../picuno/picuno.c"
 Parameters:    Size  Location     Type
		None
 Auto vars:     Size  Location     Type
		None
 Return value:  Size  Location     Type
		None               void
 Registers used:
		None
 Tracked objects:
		On entry : 
		On exit  : 
		Unchanged: 
 Data sizes:     COMRAM   BANK0   BANK1   BANK2   BANK3   BANK4   BANK5
      Params:         0       0       0       0       0       0       0
      Locals:         0       0       0       0       0       0       0
      Temps:          0       0       0       0       0       0       0
      Totals:         0       0       0       0       0       0       0
Total ram usage:        0 bytes
 Hardware stack levels used:    1
 Hardware stack levels required when called:    3
 This function calls:
		Nothing
 This function is called by:
		_main
 This function uses a non-reentrant model


 *************** function _sync *****************
 Defined at:
		line 280 in file "../../picuno/picuno.c"
 Parameters:    Size  Location     Type
		None
 Auto vars:     Size  Location     Type
		None
 Return value:  Size  Location     Type
		None               void
 Registers used:
		None
 Tracked objects:
		On entry : 
		On exit  : 
		Unchanged: 
 Data sizes:     COMRAM   BANK0   BANK1   BANK2   BANK3   BANK4   BANK5
      Params:         0       0       0       0       0       0       0
      Locals:         0       0       0       0       0       0       0
      Temps:          0       0       0       0       0       0       0
      Totals:         0       0       0       0       0       0       0
Total ram usage:        0 bytes
 Hardware stack levels used:    1
 Hardware stack levels required when called:    3
 This function calls:
		Nothing
 This function is called by:
		_main
 This function uses a non-reentrant model


 *************** function _setup *****************
 Defined at:
		line 3 in file "example_helloWorld.c"
 Parameters:    Size  Location     Type
		None
 Auto vars:     Size  Location     Type
		None
 Return value:  Size  Location     Type
		None               void
 Registers used:
		wreg, status,2, status,0, tblptrl, tblptrh, tblptru, prodl, prodh, cstack
 Tracked objects:
		On entry : 
		On exit  : 
		Unchanged: 
 Data sizes:     COMRAM   BANK0   BANK1   BANK2   BANK3   BANK4   BANK5
      Params:         0       0       0       0       0       0       0
      Locals:         0       0       0       0       0       0       0
      Temps:          0       0       0       0       0       0       0
      Totals:         0       0       0       0       0       0       0
Total ram usage:        0 bytes
 Hardware stack levels used:    1
 Hardware stack levels required when called:    9
 This function calls:
		_lcd_init_i2c
		_lcd_print
		_lcd_setCursor
 This function is called by:
		_main
 This function uses a non-reentrant model


 *************** function _lcd_setCursor *****************
 Defined at:
		line 1836 in file "../../picuno/picuno.c"
 Parameters:    Size  Location     Type
  col             1    wreg     unsigned char 
  row             1   24[COMRAM] unsigned char 
 Auto vars:     Size  Location     Type
  col             1   25[COMRAM] unsigned char 
 Return value:  Size  Location     Type
		None               void
 Registers used:
		wreg, status,2, status,0, prodl, prodh, cstack
 Tracked objects:
		On entry : 
		On exit  : 
		Unchanged: 
 Data sizes:     COMRAM   BANK0   BANK1   BANK2   BANK3   BANK4   BANK5
      Params:         1       0       0       0       0       0       0
      Locals:         1       0       0       0       0       0       0
      Temps:          0       0       0       0       0       0       0
      Totals:         2       0       0       0       0       0       0
Total ram usage:        2 bytes
 Hardware stack levels used:    1
 Hardware stack levels required when called:    7
 This function calls:
		_lcdDelay
		_lcd_putdata
 This function is called by:
		_setup
 This function uses a non-reentrant model


 *************** function _lcd_print *****************
 Defined at:
		line 1921 in file "../../picuno/picuno.c"
 Parameters:    Size  Location     Type
  str             2    0[BANK0 ] PTR const unsigned char 
		 -> STR_1(12), 
 Auto vars:     Size  Location     Type
		None
 Return value:  Size  Location     Type
		None               void
 Registers used:
		wreg, status,2, status,0, tblptrl, tblptrh, tblptru, cstack
 Tracked objects:
		On entry : 
		On exit  : 
		Unchanged: 
 Data sizes:     COMRAM   BANK0   BANK1   BANK2   BANK3   BANK4   BANK5
      Params:         0       2       0       0       0       0       0
      Locals:         0       0       0       0       0       0       0
      Temps:          0       0       0       0       0       0       0
      Totals:         0       2       0       0       0       0       0
Total ram usage:        2 bytes
 Hardware stack levels used:    1
 Hardware stack levels required when called:    8
 This function calls:
		_lcd_putc
 This function is called by:
		_setup
 This function uses a non-reentrant model


 *************** function _lcd_putc *****************
 Defined at:
		line 1847 in file "../../picuno/picuno.c"
 Parameters:    Size  Location     Type
  d               1    wreg     unsigned char 
 Auto vars:     Size  Location     Type
  d               1   25[COMRAM] unsigned char 
  dd              1   26[COMRAM] unsigned char 
  i               1   24[COMRAM] unsigned char 
 Return value:  Size  Location     Type
		None               void
 Registers used:
		wreg, status,2, status,0, cstack
 Tracked objects:
		On entry : 
		On exit  : 
		Unchanged: 
 Data sizes:     COMRAM   BANK0   BANK1   BANK2   BANK3   BANK4   BANK5
      Params:         0       0       0       0       0       0       0
      Locals:         3       0       0       0       0       0       0
      Temps:          0       0       0       0       0       0       0
      Totals:         3       0       0       0       0       0       0
Total ram usage:        3 bytes
 Hardware stack levels used:    1
 Hardware stack levels required when called:    7
 This function calls:
		_digitalWrite
		_e_pulse
		_i2c_out
		_lcd_putdata
 This function is called by:
		_lcd_print
		_lcd_putb
		_lcd_puth
		_lcd_puti
		_lcd_write
 This function uses a non-reentrant model


 *************** function _lcd_init_i2c *****************
 Defined at:
		line 1966 in file "../../picuno/picuno.c"
 Parameters:    Size  Location     Type
  lcd_Addr        1    wreg     unsigned char 
  lcd_cols        1   17[BANK0 ] unsigned char 
  lcd_rows        1   18[BANK0 ] unsigned char 
 Auto vars:     Size  Location     Type
  lcd_Addr        1   27[COMRAM] unsigned char 
 Return value:  Size  Location     Type
		None               void
 Registers used:
		wreg, status,2, status,0, cstack
 Tracked objects:
		On entry : 
		On exit  : 
		Unchanged: 
 Data sizes:     COMRAM   BANK0   BANK1   BANK2   BANK3   BANK4   BANK5
      Params:         0       2       0       0       0       0       0
      Locals:         1       0       0       0       0       0       0
      Temps:          0       0       0       0       0       0       0
      Totals:         1       2       0       0       0       0       0
Total ram usage:        3 bytes
 Hardware stack levels used:    1
 Hardware stack levels required when called:    8
 This function calls:
		_i2c_init
		_lcd_begin
 This function is called by:
		_setup
 This function uses a non-reentrant model


 *************** function _lcd_begin *****************
 Defined at:
		line 1976 in file "../../picuno/picuno.c"
 Parameters:    Size  Location     Type
  lcd_cols        1    wreg     unsigned char 
  lcd_rows        1   24[COMRAM] unsigned char 
 Auto vars:     Size  Location     Type
  lcd_cols        1   25[COMRAM] unsigned char 
  d               1   26[COMRAM] unsigned char 
  i               1    0        unsigned char 
 Return value:  Size  Location     Type
		None               void
 Registers used:
		wreg, status,2, status,0, cstack
 Tracked objects:
		On entry : 
		On exit  : 
		Unchanged: 
 Data sizes:     COMRAM   BANK0   BANK1   BANK2   BANK3   BANK4   BANK5
      Params:         1       0       0       0       0       0       0
      Locals:         2       0       0       0       0       0       0
      Temps:          0       0       0       0       0       0       0
      Totals:         3       0       0       0       0       0       0
Total ram usage:        3 bytes
 Hardware stack levels used:    1
 Hardware stack levels required when called:    7
 This function calls:
		_delay
		_e_pulse
		_i2c_out
		_lcdDelay
		_lcd_nibble
		_lcd_putdata
 This function is called by:
		_lcd_init_i2c
 This function uses a non-reentrant model


 *************** function _lcd_putdata *****************
 Defined at:
		line 1791 in file "../../picuno/picuno.c"
 Parameters:    Size  Location     Type
  d               1    wreg     unsigned char 
 Auto vars:     Size  Location     Type
  d               1   23[COMRAM] unsigned char 
  dd              1   22[COMRAM] unsigned char 
 Return value:  Size  Location     Type
		None               void
 Registers used:
		wreg, status,2, status,0, cstack
 Tracked objects:
		On entry : 
		On exit  : 
		Unchanged: 
 Data sizes:     COMRAM   BANK0   BANK1   BANK2   BANK3   BANK4   BANK5
      Params:         0       0       0       0       0       0       0
      Locals:         2       0       0       0       0       0       0
      Temps:          0       0       0       0       0       0       0
      Totals:         2       0       0       0       0       0       0
Total ram usage:        2 bytes
 Hardware stack levels used:    1
 Hardware stack levels required when called:    6
 This function calls:
		_digitalWrite
		_e_pulse
		_i2c_out
		_lcd_nibble
 This function is called by:
		_lcd_setCursor
		_lcd_putc
		_lcd_begin
		_lcd_clear
		_lcd_home
		_lcd_cursor
		_lcd_noCursor
		_lcd_blink
		_lcd_noBlink
		_lcd_display
		_lcd_noDisplay
		_lcd_line1
		_lcd_line2
 This function uses a non-reentrant model


 *************** function _lcd_nibble *****************
 Defined at:
		line 1779 in file "../../picuno/picuno.c"
 Parameters:    Size  Location     Type
  nd              1    wreg     unsigned char 
 Auto vars:     Size  Location     Type
  nd              1   19[COMRAM] unsigned char 
 Return value:  Size  Location     Type
		None               void
 Registers used:
		wreg, status,2, status,0, cstack
 Tracked objects:
		On entry : 
		On exit  : 
		Unchanged: 
 Data sizes:     COMRAM   BANK0   BANK1   BANK2   BANK3   BANK4   BANK5
      Params:         0       0       0       0       0       0       0
      Locals:         1       0       0       0       0       0       0
      Temps:          0       0       0       0       0       0       0
      Totals:         1       0       0       0       0       0       0
Total ram usage:        1 bytes
 Hardware stack levels used:    1
 Hardware stack levels required when called:    4
 This function calls:
		_digitalWrite
 This function is called by:
		_lcd_putdata
		_lcd_begin
 This function uses a non-reentrant model


 *************** function _digitalWrite *****************
 Defined at:
		line 1507 in file "../../picuno/picuno.c"
 Parameters:    Size  Location     Type
  pin             1    wreg     unsigned char 
  value           1   17[COMRAM] unsigned char 
 Auto vars:     Size  Location     Type
  pin             1   18[COMRAM] unsigned char 
 Return value:  Size  Location     Type
		None               void
 Registers used:
		wreg, status,2, status,0
 Tracked objects:
		On entry : 
		On exit  : 
		Unchanged: 
 Data sizes:     COMRAM   BANK0   BANK1   BANK2   BANK3   BANK4   BANK5
      Params:         1       0       0       0       0       0       0
      Locals:         1       0       0       0       0       0       0
      Temps:          0       0       0       0       0       0       0
      Totals:         2       0       0       0       0       0       0
Total ram usage:        2 bytes
 Hardware stack levels used:    1
 Hardware stack levels required when called:    3
 This function calls:
		Nothing
 This function is called by:
		_lcd_nibble
		_lcd_putdata
		_lcd_putc
		_keypad_begin34
		_keypad_begin44
		_keypadRead
 This function uses a non-reentrant model


 *************** function _e_pulse *****************
 Defined at:
		line 1767 in file "../../picuno/picuno.c"
 Parameters:    Size  Location     Type
  k               1    wreg     unsigned char 
 Auto vars:     Size  Location     Type
  k               1   20[COMRAM] unsigned char 
  dd              1   21[COMRAM] unsigned char 
 Return value:  Size  Location     Type
		None               void
 Registers used:
		wreg, status,2, status,0, cstack
 Tracked objects:
		On entry : 
		On exit  : 
		Unchanged: 
 Data sizes:     COMRAM   BANK0   BANK1   BANK2   BANK3   BANK4   BANK5
      Params:         0       0       0       0       0       0       0
      Locals:         2       0       0       0       0       0       0
      Temps:          0       0       0       0       0       0       0
      Totals:         2       0       0       0       0       0       0
Total ram usage:        2 bytes
 Hardware stack levels used:    1
 Hardware stack levels required when called:    5
 This function calls:
		_i2c_out
 This function is called by:
		_lcd_putdata
		_lcd_putc
		_lcd_begin
 This function uses a non-reentrant model


 *************** function _i2c_out *****************
 Defined at:
		line 2664 in file "../../picuno/picuno.c"
 Parameters:    Size  Location     Type
  slave_addres    1    wreg     unsigned char 
  data            1   18[COMRAM] unsigned char 
 Auto vars:     Size  Location     Type
  slave_addres    1   19[COMRAM] unsigned char 
 Return value:  Size  Location     Type
		None               void
 Registers used:
		wreg, status,2, status,0, cstack
 Tracked objects:
		On entry : 
		On exit  : 
		Unchanged: 
 Data sizes:     COMRAM   BANK0   BANK1   BANK2   BANK3   BANK4   BANK5
      Params:         1       0       0       0       0       0       0
      Locals:         1       0       0       0       0       0       0
      Temps:          0       0       0       0       0       0       0
      Totals:         2       0       0       0       0       0       0
Total ram usage:        2 bytes
 Hardware stack levels used:    1
 Hardware stack levels required when called:    4
 This function calls:
		_i2c_idle
 This function is called by:
		_e_pulse
		_lcd_putdata
		_lcd_putc
		_lcd_begin
 This function uses a non-reentrant model


 *************** function _i2c_idle *****************
 Defined at:
		line 2657 in file "../../picuno/picuno.c"
 Parameters:    Size  Location     Type
		None
 Auto vars:     Size  Location     Type
		None
 Return value:  Size  Location     Type
		None               void
 Registers used:
		wreg, status,2, status,0
 Tracked objects:
		On entry : 
		On exit  : 
		Unchanged: 
 Data sizes:     COMRAM   BANK0   BANK1   BANK2   BANK3   BANK4   BANK5
      Params:         0       0       0       0       0       0       0
      Locals:         0       0       0       0       0       0       0
      Temps:          1       0       0       0       0       0       0
      Totals:         1       0       0       0       0       0       0
Total ram usage:        1 bytes
 Hardware stack levels used:    1
 Hardware stack levels required when called:    3
 This function calls:
		Nothing
 This function is called by:
		_i2c_out
		_i2c_write
		_i2c_read
 This function uses a non-reentrant model


 *************** function _lcdDelay *****************
 Defined at:
		line 1755 in file "../../picuno/picuno.c"
 Parameters:    Size  Location     Type
  ms              2   17[COMRAM] unsigned int 
 Auto vars:     Size  Location     Type
  i               2   19[COMRAM] unsigned int 
 Return value:  Size  Location     Type
		None               void
 Registers used:
		wreg, status,2, status,0
 Tracked objects:
		On entry : 
		On exit  : 
		Unchanged: 
 Data sizes:     COMRAM   BANK0   BANK1   BANK2   BANK3   BANK4   BANK5
      Params:         2       0       0       0       0       0       0
      Locals:         2       0       0       0       0       0       0
      Temps:          0       0       0       0       0       0       0
      Totals:         4       0       0       0       0       0       0
Total ram usage:        4 bytes
 Hardware stack levels used:    1
 Hardware stack levels required when called:    3
 This function calls:
		Nothing
 This function is called by:
		_lcd_setCursor
		_lcd_begin
		_lcd_clear
		_lcd_home
		_lcd_cursor
		_lcd_noCursor
		_lcd_blink
		_lcd_noBlink
		_lcd_display
		_lcd_noDisplay
		_lcd_line1
		_lcd_line2
 This function uses a non-reentrant model


 *************** function _delay *****************
 Defined at:
		line 295 in file "../../picuno/picuno.c"
 Parameters:    Size  Location     Type
  ms              2   17[COMRAM] unsigned int 
 Auto vars:     Size  Location     Type
  i               2   19[COMRAM] unsigned int 
 Return value:  Size  Location     Type
		None               void
 Registers used:
		wreg, status,2, status,0
 Tracked objects:
		On entry : 
		On exit  : 
		Unchanged: 
 Data sizes:     COMRAM   BANK0   BANK1   BANK2   BANK3   BANK4   BANK5
      Params:         2       0       0       0       0       0       0
      Locals:         2       0       0       0       0       0       0
      Temps:          0       0       0       0       0       0       0
      Totals:         4       0       0       0       0       0       0
Total ram usage:        4 bytes
 Hardware stack levels used:    1
 Hardware stack levels required when called:    3
 This function calls:
		Nothing
 This function is called by:
		_lcd_begin
 This function uses a non-reentrant model


 *************** function _i2c_init *****************
 Defined at:
		line 2623 in file "../../picuno/picuno.c"
 Parameters:    Size  Location     Type
  c               4    5[BANK0 ] unsigned long 
 Auto vars:     Size  Location     Type
		None
 Return value:  Size  Location     Type
		None               void
 Registers used:
		wreg, status,2, status,0, cstack
 Tracked objects:
		On entry : 
		On exit  : 
		Unchanged: 
 Data sizes:     COMRAM   BANK0   BANK1   BANK2   BANK3   BANK4   BANK5
      Params:         0       4       0       0       0       0       0
      Locals:         0       0       0       0       0       0       0
      Temps:          0       8       0       0       0       0       0
      Totals:         0      12       0       0       0       0       0
Total ram usage:       12 bytes
 Hardware stack levels used:    1
 Hardware stack levels required when called:    5
 This function calls:
		___lldiv
		_pinMode
 This function is called by:
		_lcd_init_i2c
 This function uses a non-reentrant model


 *************** function _pinMode *****************
 Defined at:
		line 494 in file "../../picuno/picuno.c"
 Parameters:    Size  Location     Type
  pin             1    wreg     unsigned char 
  mode            1   21[COMRAM] unsigned char 
 Auto vars:     Size  Location     Type
  pin             1   22[COMRAM] unsigned char 
 Return value:  Size  Location     Type
		None               void
 Registers used:
		wreg, status,2, status,0, cstack
 Tracked objects:
		On entry : 
		On exit  : 
		Unchanged: 
 Data sizes:     COMRAM   BANK0   BANK1   BANK2   BANK3   BANK4   BANK5
      Params:         1       0       0       0       0       0       0
      Locals:         1       0       0       0       0       0       0
      Temps:          0       0       0       0       0       0       0
      Totals:         2       0       0       0       0       0       0
Total ram usage:        2 bytes
 Hardware stack levels used:    1
 Hardware stack levels required when called:    4
 This function calls:
		_analogInput
 This function is called by:
		_i2c_init
		_pulseIn
		_keypad_begin34
		_keypad_begin44
		_lcd_init4
		_lcd_init8
		_pwm_on
 This function uses a non-reentrant model


 *************** function _analogInput *****************
 Defined at:
		line 466 in file "../../picuno/picuno.c"
 Parameters:    Size  Location     Type
  ANx             1    wreg     unsigned char 
 Auto vars:     Size  Location     Type
  ANx             1   19[COMRAM] unsigned char 
  d               1   20[COMRAM] unsigned char 
 Return value:  Size  Location     Type
		None               void
 Registers used:
		wreg, status,2, status,0
 Tracked objects:
		On entry : 
		On exit  : 
		Unchanged: 
 Data sizes:     COMRAM   BANK0   BANK1   BANK2   BANK3   BANK4   BANK5
      Params:         0       0       0       0       0       0       0
      Locals:         2       0       0       0       0       0       0
      Temps:          2       0       0       0       0       0       0
      Totals:         4       0       0       0       0       0       0
Total ram usage:        4 bytes
 Hardware stack levels used:    1
 Hardware stack levels required when called:    3
 This function calls:
		Nothing
 This function is called by:
		_pinMode
 This function uses a non-reentrant model


 *************** function ___lldiv *****************
 Defined at:
		line 8 in file "C:\Program Files (x86)\Microchip\xc8\v1.33\sources\common\lldiv.c"
 Parameters:    Size  Location     Type
  dividend        4   17[COMRAM] unsigned long 
  divisor         4   21[COMRAM] unsigned long 
 Auto vars:     Size  Location     Type
  quotient        4    0[BANK0 ] unsigned long 
  counter         1    4[BANK0 ] unsigned char 
 Return value:  Size  Location     Type
                  4   17[COMRAM] unsigned long 
 Registers used:
		wreg, status,2, status,0
 Tracked objects:
		On entry : 
		On exit  : 
		Unchanged: 
 Data sizes:     COMRAM   BANK0   BANK1   BANK2   BANK3   BANK4   BANK5
      Params:         8       0       0       0       0       0       0
      Locals:         0       5       0       0       0       0       0
      Temps:          0       0       0       0       0       0       0
      Totals:         8       5       0       0       0       0       0
Total ram usage:       13 bytes
 Hardware stack levels used:    1
 Hardware stack levels required when called:    3
 This function calls:
		Nothing
 This function is called by:
		_i2c_init
		_timerSet
		_uart_brg_set
 This function uses a non-reentrant model


 *************** function _loop *****************
 Defined at:
		line 8 in file "example_helloWorld.c"
 Parameters:    Size  Location     Type
		None
 Auto vars:     Size  Location     Type
		None
 Return value:  Size  Location     Type
		None               void
 Registers used:
		None
 Tracked objects:
		On entry : 
		On exit  : 
		Unchanged: 
 Data sizes:     COMRAM   BANK0   BANK1   BANK2   BANK3   BANK4   BANK5
      Params:         0       0       0       0       0       0       0
      Locals:         0       0       0       0       0       0       0
      Temps:          0       0       0       0       0       0       0
      Totals:         0       0       0       0       0       0       0
Total ram usage:        0 bytes
 Hardware stack levels used:    1
 Hardware stack levels required when called:    3
 This function calls:
		Nothing
 This function is called by:
		_main
 This function uses a non-reentrant model


 *************** function _init *****************
 Defined at:
		line 187 in file "../../picuno/picuno.c"
 Parameters:    Size  Location     Type
		None
 Auto vars:     Size  Location     Type
  i               1   17[COMRAM] unsigned char 
 Return value:  Size  Location     Type
		None               void
 Registers used:
		wreg, fsr2l, fsr2h, status,2, status,0, prodl, prodh
 Tracked objects:
		On entry : 
		On exit  : 
		Unchanged: 
 Data sizes:     COMRAM   BANK0   BANK1   BANK2   BANK3   BANK4   BANK5
      Params:         0       0       0       0       0       0       0
      Locals:         1       0       0       0       0       0       0
      Temps:          0       0       0       0       0       0       0
      Totals:         1       0       0       0       0       0       0
Total ram usage:        1 bytes
 Hardware stack levels used:    1
 Hardware stack levels required when called:    3
 This function calls:
		Nothing
 This function is called by:
		_main
 This function uses a non-reentrant model


 *************** function _InterruptHandlerHigh *****************
 Defined at:
		line 52 in file "../../picuno/picuno.c"
 Parameters:    Size  Location     Type
		None
 Auto vars:     Size  Location     Type
  dd              2   14[COMRAM] unsigned int 
  i               1   16[COMRAM] unsigned char 
 Return value:  Size  Location     Type
		None               void
 Registers used:
		wreg, fsr2l, fsr2h, status,2, status,0, prodl, prodh, cstack
 Tracked objects:
		On entry : 
		On exit  : 
		Unchanged: 
 Data sizes:     COMRAM   BANK0   BANK1   BANK2   BANK3   BANK4   BANK5
      Params:         0       0       0       0       0       0       0
      Locals:         3       0       0       0       0       0       0
      Temps:         14       0       0       0       0       0       0
      Totals:        17       0       0       0       0       0       0
Total ram usage:       17 bytes
 Hardware stack levels used:    1
 Hardware stack levels required when called:    2
 This function calls:
		_INT0_ISR
		_INT1_ISR
		_INT2_ISR
 This function is called by:
		Interrupt level 2
 This function uses a non-reentrant model


 *************** function _INT2_ISR *****************
 Defined at:
		line 3195 in file "../../picuno/picuno.c"
 Parameters:    Size  Location     Type
		None
 Auto vars:     Size  Location     Type
		None
 Return value:  Size  Location     Type
		None               void
 Registers used:
		wreg, status,2, status,0, cstack
 Tracked objects:
		On entry : 
		On exit  : 
		Unchanged: 
 Data sizes:     COMRAM   BANK0   BANK1   BANK2   BANK3   BANK4   BANK5
      Params:         0       0       0       0       0       0       0
      Locals:         0       0       0       0       0       0       0
      Temps:          0       0       0       0       0       0       0
      Totals:         0       0       0       0       0       0       0
Total ram usage:        0 bytes
 Hardware stack levels used:    1
 Hardware stack levels required when called:    1
 This function calls:
		_INT2_CallBack
 This function is called by:
		_InterruptHandlerHigh
 This function uses a non-reentrant model


 *************** function _INT2_CallBack *****************
 Defined at:
		line 3204 in file "../../picuno/picuno.c"
 Parameters:    Size  Location     Type
		None
 Auto vars:     Size  Location     Type
		None
 Return value:  Size  Location     Type
		None               void
 Registers used:
		wreg, status,2, status,0
 Tracked objects:
		On entry : 
		On exit  : 
		Unchanged: 
 Data sizes:     COMRAM   BANK0   BANK1   BANK2   BANK3   BANK4   BANK5
      Params:         0       0       0       0       0       0       0
      Locals:         0       0       0       0       0       0       0
      Temps:          0       0       0       0       0       0       0
      Totals:         0       0       0       0       0       0       0
Total ram usage:        0 bytes
 Hardware stack levels used:    1
 This function calls:
		Nothing
 This function is called by:
		_INT2_ISR
 This function uses a non-reentrant model


 *************** function _INT1_ISR *****************
 Defined at:
		line 3174 in file "../../picuno/picuno.c"
 Parameters:    Size  Location     Type
		None
 Auto vars:     Size  Location     Type
		None
 Return value:  Size  Location     Type
		None               void
 Registers used:
		wreg, status,2, status,0, cstack
 Tracked objects:
		On entry : 
		On exit  : 
		Unchanged: 
 Data sizes:     COMRAM   BANK0   BANK1   BANK2   BANK3   BANK4   BANK5
      Params:         0       0       0       0       0       0       0
      Locals:         0       0       0       0       0       0       0
      Temps:          0       0       0       0       0       0       0
      Totals:         0       0       0       0       0       0       0
Total ram usage:        0 bytes
 Hardware stack levels used:    1
 Hardware stack levels required when called:    1
 This function calls:
		_INT1_CallBack
 This function is called by:
		_InterruptHandlerHigh
 This function uses a non-reentrant model


 *************** function _INT1_CallBack *****************
 Defined at:
		line 3182 in file "../../picuno/picuno.c"
 Parameters:    Size  Location     Type
		None
 Auto vars:     Size  Location     Type
		None
 Return value:  Size  Location     Type
		None               void
 Registers used:
		wreg, status,2, status,0
 Tracked objects:
		On entry : 
		On exit  : 
		Unchanged: 
 Data sizes:     COMRAM   BANK0   BANK1   BANK2   BANK3   BANK4   BANK5
      Params:         0       0       0       0       0       0       0
      Locals:         0       0       0       0       0       0       0
      Temps:          0       0       0       0       0       0       0
      Totals:         0       0       0       0       0       0       0
Total ram usage:        0 bytes
 Hardware stack levels used:    1
 This function calls:
		Nothing
 This function is called by:
		_INT1_ISR
 This function uses a non-reentrant model


 *************** function _INT0_ISR *****************
 Defined at:
		line 3153 in file "../../picuno/picuno.c"
 Parameters:    Size  Location     Type
		None
 Auto vars:     Size  Location     Type
		None
 Return value:  Size  Location     Type
		None               void
 Registers used:
		wreg, status,2, status,0, cstack
 Tracked objects:
		On entry : 
		On exit  : 
		Unchanged: 
 Data sizes:     COMRAM   BANK0   BANK1   BANK2   BANK3   BANK4   BANK5
      Params:         0       0       0       0       0       0       0
      Locals:         0       0       0       0       0       0       0
      Temps:          0       0       0       0       0       0       0
      Totals:         0       0       0       0       0       0       0
Total ram usage:        0 bytes
 Hardware stack levels used:    1
 Hardware stack levels required when called:    1
 This function calls:
		_INT0_CallBack
 This function is called by:
		_InterruptHandlerHigh
 This function uses a non-reentrant model


 *************** function _INT0_CallBack *****************
 Defined at:
		line 3161 in file "../../picuno/picuno.c"
 Parameters:    Size  Location     Type
		None
 Auto vars:     Size  Location     Type
		None
 Return value:  Size  Location     Type
		None               void
 Registers used:
		wreg, status,2, status,0
 Tracked objects:
		On entry : 
		On exit  : 
		Unchanged: 
 Data sizes:     COMRAM   BANK0   BANK1   BANK2   BANK3   BANK4   BANK5
      Params:         0       0       0       0       0       0       0
      Locals:         0       0       0       0       0       0       0
      Temps:          0       0       0       0       0       0       0
      Totals:         0       0       0       0       0       0       0
Total ram usage:        0 bytes
 Hardware stack levels used:    1
 This function calls:
		Nothing
 This function is called by:
		_INT0_ISR
 This function uses a non-reentrant model



MODULE INFORMATION

Module		Function		Class		Link	Load	Size
../../picuno/picuno.c
		_lcd_init_i2c  		CODE           	1400	0000	60
		_init          		CODE           	113A	0000	154
		_delay         		CODE           	14CE	0000	44
		_lcd_putc      		CODE           	12EC	0000	114
		_sync          		CODE           	1596	0000	12
		_lcd_putdata   		CODE           	0F5C	0000	322
		_lcd_begin     		CODE           	0DDA	0000	386
		_main          		CODE           	157E	0000	24
		_lcd_nibble    		CODE           	1264	0000	136
		_lcd_setCursor 		CODE           	1546	0000	30
		_i2c_idle      		CODE           	1564	0000	26
		_INT0_CallBack 		CODE           	15C6	0000	2
		_task          		CODE           	15BE	0000	2
		_digitalWrite  		CODE           	0B5C	0000	638
		_lcd_print     		CODE           	143C	0000	52
		_INT1_CallBack 		CODE           	15C4	0000	2
		_e_pulse       		CODE           	1470	0000	48
		_INT2_CallBack 		CODE           	15C2	0000	2
		_analogInput   		CODE           	1524	0000	34
		_lcdDelay      		CODE           	14FA	0000	42
		_InterruptHandl		CODE           	0008	0000	652
		_INT0_ISR      		CODE           	15B2	0000	8
		_i2c_init      		CODE           	11D4	0000	144
		_i2c_out       		CODE           	135E	0000	84
		_pinMode       		CODE           	060E	0000	1358
		_INT1_ISR      		CODE           	15AA	0000	8
		_INT2_ISR      		CODE           	15A2	0000	8

../../picuno/picuno.c estimated size: 4392

C:\Program Files (x86)\Microchip\xc8\v1.33\sources\common\lldiv.c
		___lldiv       		CODE           	109E	0000	156

C:\Program Files (x86)\Microchip\xc8\v1.33\sources\common\lldiv.c estimated size: 156

shared
		__stringdata   		SMALLCONST     	0601	0000	12
		__initializatio		CODE           	13B2	0000	68

shared estimated size: 80

example_helloWorld.c
		_loop          		CODE           	15C0	0000	2
		_setup         		CODE           	14A0	0000	46

example_helloWorld.c estimated size: 48

